
> personamixer@0.1.0 build
> next build

Γû▓ Next.js 16.1.6 (Turbopack)

  Creating an optimized production build ...
Γ£ô Compiled successfully in 4.8s
  Running TypeScript ...
  Collecting page data using 15 workers ...
  Generating static pages using 15 workers (0/7) ...
  Generating static pages using 15 workers (1/7) 
  Generating static pages using 15 workers (3/7) 
node.exe : Error occurred prerendering page "/". 
Read more: 
https://nextjs.org/docs/messages/prerender-error
At line:1 char:1
+ & "C:\Program Files\nodejs/node.exe" "C:\Program 
Files\nodejs/node_mo ...
+ ~~~~~~~~~~~~~~~~~~~~~~~~~~~~~~~~~~~~~~~~~~~~~~~~~
~~~~~~~~~~~~~~~~~~~~
    + CategoryInfo          : NotSpecified: (Error 
    occurred ...prerender-error:String) [], Remot  
  eException
    + FullyQualifiedErrorId : NativeCommandError
 
Error: @supabase/ssr: Your project's URL and API 
key are required to create a Supabase client!

Check your Supabase project's API settings to find 
these values

https://supabase.com/dashboard/project/_/settings/a
pi
    at <unknown> (https://supabase.com/dashboard/pr
oject/_/settings/api)
    at <unknown> (E:\Projects\Persona 
Coach\.next\server\chunks\ssr\_87ce3974._.js:55:63)
    at wo (E:\Projects\Persona Coach\.next\server\c
hunks\ssr\_87ce3974._.js:59:4544)
    at wK (E:\Projects\Persona Coach\.next\server\c
hunks\ssr\_87ce3974._.js:61:7251) {
  digest: '3754067595'
}
Export encountered an error on /page: /, exiting 
the build.
Γ¿» Next.js build worker exited with code: 1 and 
signal: null
